mode: set
github.com/raja-aiml/sematic-cache/deploy/local/main.go:27.13,39.2 8 1
github.com/raja-aiml/sematic-cache/deploy/local/main.go:41.13,42.42 1 0
github.com/raja-aiml/sematic-cache/deploy/local/main.go:42.42,45.3 2 0
github.com/raja-aiml/sematic-cache/deploy/local/main.go:48.34,52.48 1 1
github.com/raja-aiml/sematic-cache/deploy/local/main.go:52.48,59.4 6 1
github.com/raja-aiml/sematic-cache/deploy/local/main.go:63.33,69.2 1 1
github.com/raja-aiml/sematic-cache/deploy/local/pkg/database/postgres.go:28.58,33.2 1 1
github.com/raja-aiml/sematic-cache/deploy/local/pkg/database/postgres.go:36.74,44.16 4 1
github.com/raja-aiml/sematic-cache/deploy/local/pkg/database/postgres.go:44.16,46.3 1 1
github.com/raja-aiml/sematic-cache/deploy/local/pkg/database/postgres.go:47.2,55.16 5 0
github.com/raja-aiml/sematic-cache/deploy/local/pkg/database/postgres.go:55.16,57.3 1 0
github.com/raja-aiml/sematic-cache/deploy/local/pkg/database/postgres.go:59.2,59.13 1 0
github.com/raja-aiml/sematic-cache/deploy/local/pkg/database/postgres.go:59.13,61.17 2 0
github.com/raja-aiml/sematic-cache/deploy/local/pkg/database/postgres.go:61.17,63.4 1 0
github.com/raja-aiml/sematic-cache/deploy/local/pkg/database/postgres.go:64.3,64.61 1 0
github.com/raja-aiml/sematic-cache/deploy/local/pkg/database/postgres.go:65.8,67.3 1 0
github.com/raja-aiml/sematic-cache/deploy/local/pkg/database/postgres.go:70.2,77.16 4 0
github.com/raja-aiml/sematic-cache/deploy/local/pkg/database/postgres.go:77.16,79.3 1 0
github.com/raja-aiml/sematic-cache/deploy/local/pkg/database/postgres.go:80.2,85.16 4 0
github.com/raja-aiml/sematic-cache/deploy/local/pkg/database/postgres.go:85.16,87.3 1 0
github.com/raja-aiml/sematic-cache/deploy/local/pkg/database/postgres.go:89.2,90.12 2 0
github.com/raja-aiml/sematic-cache/deploy/local/pkg/database/postgres.go:94.91,106.6 7 1
github.com/raja-aiml/sematic-cache/deploy/local/pkg/database/postgres.go:106.6,107.10 1 1
github.com/raja-aiml/sematic-cache/deploy/local/pkg/database/postgres.go:108.21,109.55 1 1
github.com/raja-aiml/sematic-cache/deploy/local/pkg/database/postgres.go:110.19,112.18 2 0
github.com/raja-aiml/sematic-cache/deploy/local/pkg/database/postgres.go:112.18,118.34 4 0
github.com/raja-aiml/sematic-cache/deploy/local/pkg/database/postgres.go:118.34,121.6 2 0
github.com/raja-aiml/sematic-cache/deploy/local/pkg/database/postgres.go:123.4,123.60 1 0
github.com/raja-aiml/sematic-cache/deploy/local/pkg/database/postgres.go:129.70,134.16 3 1
github.com/raja-aiml/sematic-cache/deploy/local/pkg/database/postgres.go:134.16,136.3 1 1
github.com/raja-aiml/sematic-cache/deploy/local/pkg/database/postgres.go:137.2,142.16 4 0
github.com/raja-aiml/sematic-cache/deploy/local/pkg/database/postgres.go:142.16,144.3 1 0
github.com/raja-aiml/sematic-cache/deploy/local/pkg/database/postgres.go:146.2,151.16 4 0
github.com/raja-aiml/sematic-cache/deploy/local/pkg/database/postgres.go:151.16,153.3 1 0
github.com/raja-aiml/sematic-cache/deploy/local/pkg/database/postgres.go:153.8,155.3 1 0
github.com/raja-aiml/sematic-cache/deploy/local/pkg/database/postgres.go:157.2,157.12 1 0
github.com/raja-aiml/sematic-cache/deploy/local/pkg/database/postgres.go:161.78,166.16 3 1
github.com/raja-aiml/sematic-cache/deploy/local/pkg/database/postgres.go:166.16,168.3 1 1
github.com/raja-aiml/sematic-cache/deploy/local/pkg/database/postgres.go:169.2,172.16 3 0
github.com/raja-aiml/sematic-cache/deploy/local/pkg/database/postgres.go:172.16,174.3 1 0
github.com/raja-aiml/sematic-cache/deploy/local/pkg/database/postgres.go:176.2,176.12 1 0
github.com/raja-aiml/sematic-cache/deploy/local/config/config.go:108.30,168.2 1 1
github.com/raja-aiml/sematic-cache/deploy/local/config/config.go:171.53,176.22 2 1
github.com/raja-aiml/sematic-cache/deploy/local/config/config.go:176.22,178.17 2 1
github.com/raja-aiml/sematic-cache/deploy/local/config/config.go:178.17,180.4 1 1
github.com/raja-aiml/sematic-cache/deploy/local/config/config.go:182.3,182.54 1 1
github.com/raja-aiml/sematic-cache/deploy/local/config/config.go:182.54,184.4 1 1
github.com/raja-aiml/sematic-cache/deploy/local/config/config.go:185.8,193.36 2 1
github.com/raja-aiml/sematic-cache/deploy/local/config/config.go:193.36,194.50 1 1
github.com/raja-aiml/sematic-cache/deploy/local/config/config.go:194.50,195.56 1 0
github.com/raja-aiml/sematic-cache/deploy/local/config/config.go:195.56,196.11 1 0
github.com/raja-aiml/sematic-cache/deploy/local/config/config.go:203.2,206.47 2 1
github.com/raja-aiml/sematic-cache/deploy/local/config/config.go:206.47,208.3 1 0
github.com/raja-aiml/sematic-cache/deploy/local/config/config.go:210.2,210.20 1 1
github.com/raja-aiml/sematic-cache/deploy/local/config/config.go:214.43,217.2 2 1
github.com/raja-aiml/sematic-cache/deploy/local/config/config.go:220.40,222.56 1 1
github.com/raja-aiml/sematic-cache/deploy/local/config/config.go:222.56,224.3 1 1
github.com/raja-aiml/sematic-cache/deploy/local/config/config.go:227.2,227.59 1 1
github.com/raja-aiml/sematic-cache/deploy/local/config/config.go:227.59,229.3 1 1
github.com/raja-aiml/sematic-cache/deploy/local/config/config.go:230.2,230.62 1 1
github.com/raja-aiml/sematic-cache/deploy/local/config/config.go:230.62,231.59 1 1
github.com/raja-aiml/sematic-cache/deploy/local/config/config.go:231.59,233.4 1 1
github.com/raja-aiml/sematic-cache/deploy/local/config/config.go:237.2,237.58 1 1
github.com/raja-aiml/sematic-cache/deploy/local/config/config.go:237.58,239.3 1 1
github.com/raja-aiml/sematic-cache/deploy/local/config/config.go:240.2,240.60 1 1
github.com/raja-aiml/sematic-cache/deploy/local/config/config.go:240.60,241.59 1 1
github.com/raja-aiml/sematic-cache/deploy/local/config/config.go:241.59,243.4 1 1
github.com/raja-aiml/sematic-cache/deploy/local/config/config.go:247.2,247.56 1 1
github.com/raja-aiml/sematic-cache/deploy/local/config/config.go:247.56,249.3 1 1
github.com/raja-aiml/sematic-cache/deploy/local/config/config.go:252.2,252.64 1 1
github.com/raja-aiml/sematic-cache/deploy/local/config/config.go:252.64,254.3 1 1
github.com/raja-aiml/sematic-cache/deploy/local/config/config.go:257.2,257.65 1 1
github.com/raja-aiml/sematic-cache/deploy/local/config/config.go:257.65,259.3 1 1
github.com/raja-aiml/sematic-cache/deploy/local/config/config.go:260.2,260.63 1 1
github.com/raja-aiml/sematic-cache/deploy/local/config/config.go:260.63,262.3 1 1
github.com/raja-aiml/sematic-cache/deploy/local/config/config.go:266.52,268.16 2 1
github.com/raja-aiml/sematic-cache/deploy/local/config/config.go:268.16,270.3 1 0
github.com/raja-aiml/sematic-cache/deploy/local/config/config.go:272.2,272.55 1 1
github.com/raja-aiml/sematic-cache/deploy/local/config/config.go:272.55,274.3 1 1
github.com/raja-aiml/sematic-cache/deploy/local/config/config.go:276.2,276.12 1 1
github.com/raja-aiml/sematic-cache/deploy/local/config/config.go:280.44,283.2 2 1
github.com/raja-aiml/sematic-cache/deploy/local/config/config.go:286.32,292.2 1 1
github.com/raja-aiml/sematic-cache/deploy/local/config/config.go:295.40,299.16 3 1
github.com/raja-aiml/sematic-cache/deploy/local/config/config.go:299.16,301.3 1 0
github.com/raja-aiml/sematic-cache/deploy/local/config/config.go:303.2,305.12 3 1
github.com/raja-aiml/sematic-cache/deploy/local/internal/build/docker/provider.go:22.49,27.2 1 1
github.com/raja-aiml/sematic-cache/deploy/local/internal/build/docker/provider.go:30.89,39.35 3 1
github.com/raja-aiml/sematic-cache/deploy/local/internal/build/docker/provider.go:39.35,41.3 1 1
github.com/raja-aiml/sematic-cache/deploy/local/internal/build/docker/provider.go:44.2,44.30 1 1
github.com/raja-aiml/sematic-cache/deploy/local/internal/build/docker/provider.go:44.30,46.3 1 1
github.com/raja-aiml/sematic-cache/deploy/local/internal/build/docker/provider.go:49.2,49.38 1 1
github.com/raja-aiml/sematic-cache/deploy/local/internal/build/docker/provider.go:49.38,51.3 1 1
github.com/raja-aiml/sematic-cache/deploy/local/internal/build/docker/provider.go:54.2,54.26 1 1
github.com/raja-aiml/sematic-cache/deploy/local/internal/build/docker/provider.go:54.26,56.3 1 0
github.com/raja-aiml/sematic-cache/deploy/local/internal/build/docker/provider.go:59.2,59.28 1 1
github.com/raja-aiml/sematic-cache/deploy/local/internal/build/docker/provider.go:59.28,61.3 1 1
github.com/raja-aiml/sematic-cache/deploy/local/internal/build/docker/provider.go:64.2,64.21 1 1
github.com/raja-aiml/sematic-cache/deploy/local/internal/build/docker/provider.go:64.21,66.3 1 1
github.com/raja-aiml/sematic-cache/deploy/local/internal/build/docker/provider.go:69.2,74.33 3 1
github.com/raja-aiml/sematic-cache/deploy/local/internal/build/docker/provider.go:74.33,77.3 2 0
github.com/raja-aiml/sematic-cache/deploy/local/internal/build/docker/provider.go:79.2,79.34 1 1
github.com/raja-aiml/sematic-cache/deploy/local/internal/build/docker/provider.go:79.34,81.3 1 1
github.com/raja-aiml/sematic-cache/deploy/local/internal/build/docker/provider.go:83.2,83.12 1 0
github.com/raja-aiml/sematic-cache/deploy/local/internal/build/docker/provider.go:87.90,91.17 2 1
github.com/raja-aiml/sematic-cache/deploy/local/internal/build/docker/provider.go:91.17,92.44 1 0
github.com/raja-aiml/sematic-cache/deploy/local/internal/build/docker/provider.go:92.44,94.4 1 0
github.com/raja-aiml/sematic-cache/deploy/local/internal/build/docker/provider.go:95.3,95.35 1 0
github.com/raja-aiml/sematic-cache/deploy/local/internal/build/docker/provider.go:98.2,99.34 2 1
github.com/raja-aiml/sematic-cache/deploy/local/internal/build/docker/provider.go:99.34,101.3 1 1
github.com/raja-aiml/sematic-cache/deploy/local/internal/build/docker/provider.go:103.2,103.12 1 0
github.com/raja-aiml/sematic-cache/deploy/local/internal/build/docker/provider.go:107.74,114.34 3 1
github.com/raja-aiml/sematic-cache/deploy/local/internal/build/docker/provider.go:114.34,116.3 1 1
github.com/raja-aiml/sematic-cache/deploy/local/internal/build/docker/provider.go:118.2,118.12 1 0
github.com/raja-aiml/sematic-cache/deploy/local/internal/build/docker/provider.go:122.90,126.17 2 1
github.com/raja-aiml/sematic-cache/deploy/local/internal/build/docker/provider.go:126.17,127.44 1 0
github.com/raja-aiml/sematic-cache/deploy/local/internal/build/docker/provider.go:127.44,129.4 1 0
github.com/raja-aiml/sematic-cache/deploy/local/internal/build/docker/provider.go:130.3,130.35 1 0
github.com/raja-aiml/sematic-cache/deploy/local/internal/build/docker/provider.go:133.2,134.34 2 1
github.com/raja-aiml/sematic-cache/deploy/local/internal/build/docker/provider.go:134.34,136.3 1 0
github.com/raja-aiml/sematic-cache/deploy/local/internal/build/docker/provider.go:138.2,138.12 1 1
github.com/raja-aiml/sematic-cache/deploy/local/internal/build/docker/provider.go:142.81,144.34 2 1
github.com/raja-aiml/sematic-cache/deploy/local/internal/build/docker/provider.go:144.34,147.3 1 1
github.com/raja-aiml/sematic-cache/deploy/local/internal/build/docker/provider.go:148.2,148.18 1 0
github.com/raja-aiml/sematic-cache/deploy/local/internal/build/docker/provider.go:152.73,156.34 3 1
github.com/raja-aiml/sematic-cache/deploy/local/internal/build/docker/provider.go:156.34,158.3 1 1
github.com/raja-aiml/sematic-cache/deploy/local/internal/build/docker/provider.go:160.2,160.12 1 0
github.com/raja-aiml/sematic-cache/deploy/local/internal/build/docker/provider.go:164.79,167.16 3 1
github.com/raja-aiml/sematic-cache/deploy/local/internal/build/docker/provider.go:167.16,169.3 1 0
github.com/raja-aiml/sematic-cache/deploy/local/internal/build/docker/provider.go:171.2,174.29 3 1
github.com/raja-aiml/sematic-cache/deploy/local/internal/build/docker/provider.go:174.29,176.17 2 1
github.com/raja-aiml/sematic-cache/deploy/local/internal/build/docker/provider.go:176.17,177.12 1 1
github.com/raja-aiml/sematic-cache/deploy/local/internal/build/docker/provider.go:180.3,181.68 2 1
github.com/raja-aiml/sematic-cache/deploy/local/internal/build/docker/provider.go:181.68,186.12 2 0
github.com/raja-aiml/sematic-cache/deploy/local/internal/build/docker/provider.go:190.3,203.31 4 1
github.com/raja-aiml/sematic-cache/deploy/local/internal/build/docker/provider.go:206.2,206.20 1 1
github.com/raja-aiml/sematic-cache/deploy/local/internal/build/docker/provider.go:210.77,213.25 2 0
github.com/raja-aiml/sematic-cache/deploy/local/internal/build/docker/provider.go:213.25,215.3 1 0
github.com/raja-aiml/sematic-cache/deploy/local/internal/build/docker/provider.go:217.2,217.25 1 0
github.com/raja-aiml/sematic-cache/deploy/local/internal/build/docker/provider.go:217.25,219.3 1 0
github.com/raja-aiml/sematic-cache/deploy/local/internal/build/docker/provider.go:221.2,221.23 1 0
github.com/raja-aiml/sematic-cache/deploy/local/internal/build/docker/provider.go:221.23,223.3 1 0
github.com/raja-aiml/sematic-cache/deploy/local/internal/build/docker/provider.go:225.2,226.34 2 0
github.com/raja-aiml/sematic-cache/deploy/local/internal/build/docker/provider.go:226.34,228.3 1 0
github.com/raja-aiml/sematic-cache/deploy/local/internal/build/docker/provider.go:230.2,230.12 1 0
github.com/raja-aiml/sematic-cache/deploy/local/internal/build/docker/provider.go:234.69,237.18 2 0
github.com/raja-aiml/sematic-cache/deploy/local/internal/build/docker/provider.go:237.18,239.3 1 0
github.com/raja-aiml/sematic-cache/deploy/local/internal/build/docker/provider.go:241.2,244.12 3 0
github.com/raja-aiml/sematic-cache/deploy/local/internal/build/docker/provider.go:248.52,253.38 3 1
github.com/raja-aiml/sematic-cache/deploy/local/internal/build/docker/provider.go:253.38,256.3 2 0
github.com/raja-aiml/sematic-cache/deploy/local/internal/build/docker/provider.go:256.8,256.45 1 1
github.com/raja-aiml/sematic-cache/deploy/local/internal/build/docker/provider.go:256.45,259.3 2 1
github.com/raja-aiml/sematic-cache/deploy/local/internal/build/docker/provider.go:259.8,259.45 1 0
github.com/raja-aiml/sematic-cache/deploy/local/internal/build/docker/provider.go:259.45,262.3 2 0
github.com/raja-aiml/sematic-cache/deploy/local/internal/build/docker/provider.go:265.2,268.42 3 1
github.com/raja-aiml/sematic-cache/deploy/local/pkg/cmd/base.go:23.55,27.2 1 1
github.com/raja-aiml/sematic-cache/deploy/local/pkg/cmd/base.go:30.61,31.24 1 1
github.com/raja-aiml/sematic-cache/deploy/local/pkg/cmd/base.go:31.24,33.17 2 1
github.com/raja-aiml/sematic-cache/deploy/local/pkg/cmd/base.go:33.17,35.4 1 0
github.com/raja-aiml/sematic-cache/deploy/local/pkg/cmd/base.go:36.3,36.23 1 1
github.com/raja-aiml/sematic-cache/deploy/local/pkg/cmd/base.go:38.2,38.12 1 1
github.com/raja-aiml/sematic-cache/deploy/local/pkg/cmd/base.go:42.58,44.25 1 1
github.com/raja-aiml/sematic-cache/deploy/local/pkg/cmd/base.go:44.25,46.3 1 1
github.com/raja-aiml/sematic-cache/deploy/local/pkg/cmd/base.go:47.2,47.23 1 1
github.com/raja-aiml/sematic-cache/deploy/local/pkg/cmd/base.go:47.23,49.3 1 1
github.com/raja-aiml/sematic-cache/deploy/local/pkg/cmd/base.go:53.54,57.42 2 1
github.com/raja-aiml/sematic-cache/deploy/local/pkg/cmd/base.go:57.42,60.3 2 0
github.com/raja-aiml/sematic-cache/deploy/local/pkg/cmd/base.go:63.2,63.29 1 1
github.com/raja-aiml/sematic-cache/deploy/local/pkg/cmd/base.go:63.29,66.3 2 1
github.com/raja-aiml/sematic-cache/deploy/local/pkg/cmd/base.go:68.2,68.12 1 1
github.com/raja-aiml/sematic-cache/deploy/local/pkg/cmd/base.go:85.50,92.2 1 1
github.com/raja-aiml/sematic-cache/deploy/local/pkg/cmd/base.go:95.51,96.16 1 1
github.com/raja-aiml/sematic-cache/deploy/local/pkg/cmd/base.go:96.16,98.3 1 1
github.com/raja-aiml/sematic-cache/deploy/local/pkg/cmd/base.go:99.2,99.45 1 1
github.com/raja-aiml/sematic-cache/deploy/local/pkg/utils/env.go:13.26,21.32 2 1
github.com/raja-aiml/sematic-cache/deploy/local/pkg/utils/env.go:21.32,22.42 1 1
github.com/raja-aiml/sematic-cache/deploy/local/pkg/utils/env.go:22.42,24.4 1 1
github.com/raja-aiml/sematic-cache/deploy/local/pkg/utils/env.go:27.2,27.12 1 1
github.com/raja-aiml/sematic-cache/deploy/local/pkg/utils/env.go:30.55,31.42 1 1
github.com/raja-aiml/sematic-cache/deploy/local/pkg/utils/env.go:31.42,33.3 1 1
github.com/raja-aiml/sematic-cache/deploy/local/pkg/utils/env.go:34.2,34.21 1 1
github.com/raja-aiml/sematic-cache/deploy/local/pkg/utils/env.go:37.45,39.17 2 1
github.com/raja-aiml/sematic-cache/deploy/local/pkg/utils/env.go:39.17,41.3 1 1
github.com/raja-aiml/sematic-cache/deploy/local/pkg/utils/env.go:42.2,42.19 1 1
github.com/raja-aiml/sematic-cache/deploy/local/pkg/utils/env.go:45.59,47.16 2 1
github.com/raja-aiml/sematic-cache/deploy/local/pkg/utils/env.go:47.16,49.3 1 1
github.com/raja-aiml/sematic-cache/deploy/local/pkg/utils/env.go:50.2,55.21 4 1
github.com/raja-aiml/sematic-cache/deploy/local/pkg/utils/env.go:55.21,57.49 2 1
github.com/raja-aiml/sematic-cache/deploy/local/pkg/utils/env.go:57.49,58.12 1 1
github.com/raja-aiml/sematic-cache/deploy/local/pkg/utils/env.go:61.3,62.22 2 1
github.com/raja-aiml/sematic-cache/deploy/local/pkg/utils/env.go:62.22,66.4 3 1
github.com/raja-aiml/sematic-cache/deploy/local/pkg/utils/env.go:69.2,69.27 1 1
github.com/raja-aiml/sematic-cache/deploy/local/pkg/utils/exec.go:20.101,21.17 1 1
github.com/raja-aiml/sematic-cache/deploy/local/pkg/utils/exec.go:21.17,23.3 1 1
github.com/raja-aiml/sematic-cache/deploy/local/pkg/utils/exec.go:25.2,25.22 1 1
github.com/raja-aiml/sematic-cache/deploy/local/pkg/utils/exec.go:25.22,29.3 3 1
github.com/raja-aiml/sematic-cache/deploy/local/pkg/utils/exec.go:31.2,33.20 2 1
github.com/raja-aiml/sematic-cache/deploy/local/pkg/utils/exec.go:33.20,35.3 1 1
github.com/raja-aiml/sematic-cache/deploy/local/pkg/utils/exec.go:37.2,43.18 5 1
github.com/raja-aiml/sematic-cache/deploy/local/pkg/utils/exec.go:43.18,46.3 2 1
github.com/raja-aiml/sematic-cache/deploy/local/pkg/utils/exec.go:48.2,49.16 2 1
github.com/raja-aiml/sematic-cache/deploy/local/pkg/utils/exec.go:49.16,51.3 1 1
github.com/raja-aiml/sematic-cache/deploy/local/pkg/utils/exec.go:53.2,53.29 1 1
github.com/raja-aiml/sematic-cache/deploy/local/pkg/utils/exec.go:56.38,59.2 2 1
github.com/raja-aiml/sematic-cache/deploy/local/pkg/utils/exec.go:61.94,63.2 1 1
github.com/raja-aiml/sematic-cache/deploy/local/pkg/utils/logger.go:14.39,16.2 1 1
github.com/raja-aiml/sematic-cache/deploy/local/pkg/utils/logger.go:18.59,20.2 1 1
github.com/raja-aiml/sematic-cache/deploy/local/pkg/utils/logger.go:22.59,24.2 1 1
github.com/raja-aiml/sematic-cache/deploy/local/pkg/utils/logger.go:26.60,28.2 1 1
github.com/raja-aiml/sematic-cache/deploy/local/pkg/utils/logger.go:30.60,31.30 1 1
github.com/raja-aiml/sematic-cache/deploy/local/pkg/utils/logger.go:31.30,33.3 1 0
github.com/raja-aiml/sematic-cache/deploy/local/pkg/utils/logger.go:36.59,38.2 1 1
github.com/raja-aiml/sematic-cache/deploy/local/pkg/utils/project.go:18.40,19.28 1 1
github.com/raja-aiml/sematic-cache/deploy/local/pkg/utils/project.go:19.28,21.17 2 1
github.com/raja-aiml/sematic-cache/deploy/local/pkg/utils/project.go:21.17,24.4 2 0
github.com/raja-aiml/sematic-cache/deploy/local/pkg/utils/project.go:26.3,26.7 1 1
github.com/raja-aiml/sematic-cache/deploy/local/pkg/utils/project.go:26.7,28.67 1 1
github.com/raja-aiml/sematic-cache/deploy/local/pkg/utils/project.go:28.67,31.5 2 1
github.com/raja-aiml/sematic-cache/deploy/local/pkg/utils/project.go:34.4,35.21 2 0
github.com/raja-aiml/sematic-cache/deploy/local/pkg/utils/project.go:35.21,39.5 2 0
github.com/raja-aiml/sematic-cache/deploy/local/pkg/utils/project.go:40.4,40.16 1 0
github.com/raja-aiml/sematic-cache/deploy/local/pkg/utils/project.go:44.2,44.41 1 1
github.com/raja-aiml/sematic-cache/deploy/local/pkg/utils/project.go:48.38,50.16 2 0
github.com/raja-aiml/sematic-cache/deploy/local/pkg/utils/project.go:50.16,52.3 1 0
github.com/raja-aiml/sematic-cache/deploy/local/pkg/utils/project.go:53.2,53.43 1 0
github.com/raja-aiml/sematic-cache/deploy/local/pkg/utils/project.go:57.55,59.16 2 0
github.com/raja-aiml/sematic-cache/deploy/local/pkg/utils/project.go:59.16,61.3 1 0
github.com/raja-aiml/sematic-cache/deploy/local/pkg/utils/project.go:62.2,62.71 1 0
github.com/raja-aiml/sematic-cache/deploy/local/pkg/testing/endpoints.go:21.56,27.2 1 1
github.com/raja-aiml/sematic-cache/deploy/local/pkg/testing/endpoints.go:40.73,51.31 3 1
github.com/raja-aiml/sematic-cache/deploy/local/pkg/testing/endpoints.go:51.31,55.21 3 1
github.com/raja-aiml/sematic-cache/deploy/local/pkg/testing/endpoints.go:55.21,57.4 1 1
github.com/raja-aiml/sematic-cache/deploy/local/pkg/testing/endpoints.go:57.9,59.4 1 0
github.com/raja-aiml/sematic-cache/deploy/local/pkg/testing/endpoints.go:62.2,62.21 1 1
github.com/raja-aiml/sematic-cache/deploy/local/pkg/testing/endpoints.go:66.90,76.17 5 1
github.com/raja-aiml/sematic-cache/deploy/local/pkg/testing/endpoints.go:76.17,78.17 2 1
github.com/raja-aiml/sematic-cache/deploy/local/pkg/testing/endpoints.go:78.17,81.4 2 1
github.com/raja-aiml/sematic-cache/deploy/local/pkg/testing/endpoints.go:82.3,83.17 2 1
github.com/raja-aiml/sematic-cache/deploy/local/pkg/testing/endpoints.go:83.17,86.4 2 0
github.com/raja-aiml/sematic-cache/deploy/local/pkg/testing/endpoints.go:87.3,87.53 1 1
github.com/raja-aiml/sematic-cache/deploy/local/pkg/testing/endpoints.go:88.8,90.17 2 1
github.com/raja-aiml/sematic-cache/deploy/local/pkg/testing/endpoints.go:90.17,93.4 2 1
github.com/raja-aiml/sematic-cache/deploy/local/pkg/testing/endpoints.go:96.2,97.16 2 1
github.com/raja-aiml/sematic-cache/deploy/local/pkg/testing/endpoints.go:97.16,100.3 2 0
github.com/raja-aiml/sematic-cache/deploy/local/pkg/testing/endpoints.go:101.2,109.15 6 1
github.com/raja-aiml/sematic-cache/deploy/local/pkg/testing/endpoints.go:113.55,124.24 4 1
github.com/raja-aiml/sematic-cache/deploy/local/pkg/testing/endpoints.go:124.24,126.3 1 0
github.com/raja-aiml/sematic-cache/deploy/local/pkg/testing/endpoints.go:127.2,131.24 3 1
github.com/raja-aiml/sematic-cache/deploy/local/pkg/testing/endpoints.go:131.24,133.3 1 0
github.com/raja-aiml/sematic-cache/deploy/local/pkg/testing/endpoints.go:134.2,143.26 4 1
github.com/raja-aiml/sematic-cache/deploy/local/pkg/testing/endpoints.go:143.26,145.3 1 0
github.com/raja-aiml/sematic-cache/deploy/local/pkg/testing/endpoints.go:145.8,147.3 1 1
github.com/raja-aiml/sematic-cache/deploy/local/pkg/testing/endpoints.go:149.2,149.12 1 1
github.com/raja-aiml/sematic-cache/deploy/local/pkg/testing/http.go:11.35,13.2 1 1
github.com/raja-aiml/sematic-cache/deploy/local/pkg/testing/http.go:16.67,26.2 1 1
github.com/raja-aiml/sematic-cache/deploy/local/internal/build/builder.go:94.111,102.2 1 1
github.com/raja-aiml/sematic-cache/deploy/local/internal/build/builder.go:105.85,122.46 4 1
github.com/raja-aiml/sematic-cache/deploy/local/internal/build/builder.go:122.46,124.75 2 1
github.com/raja-aiml/sematic-cache/deploy/local/internal/build/builder.go:124.75,125.42 1 1
github.com/raja-aiml/sematic-cache/deploy/local/internal/build/builder.go:125.42,132.36 2 1
github.com/raja-aiml/sematic-cache/deploy/local/internal/build/builder.go:132.36,133.34 1 1
github.com/raja-aiml/sematic-cache/deploy/local/internal/build/builder.go:133.34,135.7 1 1
github.com/raja-aiml/sematic-cache/deploy/local/internal/build/builder.go:139.5,139.28 1 0
github.com/raja-aiml/sematic-cache/deploy/local/internal/build/builder.go:139.28,141.6 1 0
github.com/raja-aiml/sematic-cache/deploy/local/internal/build/builder.go:147.2,148.46 2 1
github.com/raja-aiml/sematic-cache/deploy/local/internal/build/builder.go:148.46,150.3 1 0
github.com/raja-aiml/sematic-cache/deploy/local/internal/build/builder.go:151.2,151.38 1 1
github.com/raja-aiml/sematic-cache/deploy/local/internal/build/builder.go:151.38,153.3 1 0
github.com/raja-aiml/sematic-cache/deploy/local/internal/build/builder.go:156.2,157.20 2 1
github.com/raja-aiml/sematic-cache/deploy/local/internal/build/builder.go:157.20,159.3 1 1
github.com/raja-aiml/sematic-cache/deploy/local/internal/build/builder.go:162.2,176.16 5 1
github.com/raja-aiml/sematic-cache/deploy/local/internal/build/builder.go:176.16,184.3 3 1
github.com/raja-aiml/sematic-cache/deploy/local/internal/build/builder.go:186.2,192.26 2 1
github.com/raja-aiml/sematic-cache/deploy/local/internal/build/builder.go:192.26,194.3 1 1
github.com/raja-aiml/sematic-cache/deploy/local/internal/build/builder.go:196.2,196.12 1 1
github.com/raja-aiml/sematic-cache/deploy/local/internal/build/builder.go:200.65,217.16 8 1
github.com/raja-aiml/sematic-cache/deploy/local/internal/build/builder.go:217.16,225.3 3 1
github.com/raja-aiml/sematic-cache/deploy/local/internal/build/builder.go:227.2,232.12 2 1
github.com/raja-aiml/sematic-cache/deploy/local/internal/build/builder.go:236.73,251.16 5 1
github.com/raja-aiml/sematic-cache/deploy/local/internal/build/builder.go:251.16,254.3 2 1
github.com/raja-aiml/sematic-cache/deploy/local/internal/build/builder.go:256.2,256.12 1 1
github.com/raja-aiml/sematic-cache/deploy/local/internal/build/builder.go:260.65,272.16 5 1
github.com/raja-aiml/sematic-cache/deploy/local/internal/build/builder.go:272.16,277.3 1 0
github.com/raja-aiml/sematic-cache/deploy/local/internal/build/builder.go:277.8,277.19 1 1
github.com/raja-aiml/sematic-cache/deploy/local/internal/build/builder.go:277.19,280.3 2 1
github.com/raja-aiml/sematic-cache/deploy/local/internal/build/builder.go:283.2,289.16 5 1
github.com/raja-aiml/sematic-cache/deploy/local/internal/build/builder.go:289.16,297.3 3 1
github.com/raja-aiml/sematic-cache/deploy/local/internal/build/builder.go:299.2,304.12 2 1
github.com/raja-aiml/sematic-cache/deploy/local/internal/build/builder.go:308.75,317.16 4 1
github.com/raja-aiml/sematic-cache/deploy/local/internal/build/builder.go:317.16,320.3 2 1
github.com/raja-aiml/sematic-cache/deploy/local/internal/build/builder.go:322.2,322.20 1 1
github.com/raja-aiml/sematic-cache/deploy/local/internal/build/builder.go:326.67,337.16 5 1
github.com/raja-aiml/sematic-cache/deploy/local/internal/build/builder.go:337.16,340.3 2 1
github.com/raja-aiml/sematic-cache/deploy/local/internal/build/builder.go:343.2,343.26 1 1
github.com/raja-aiml/sematic-cache/deploy/local/internal/build/builder.go:343.26,345.55 2 1
github.com/raja-aiml/sematic-cache/deploy/local/internal/build/builder.go:345.55,350.4 1 0
github.com/raja-aiml/sematic-cache/deploy/local/internal/build/builder.go:353.2,353.12 1 1
github.com/raja-aiml/sematic-cache/deploy/local/internal/build/builder.go:357.79,366.16 4 1
github.com/raja-aiml/sematic-cache/deploy/local/internal/build/builder.go:366.16,369.3 2 1
github.com/raja-aiml/sematic-cache/deploy/local/internal/build/builder.go:371.2,372.29 2 1
github.com/raja-aiml/sematic-cache/deploy/local/internal/build/builder.go:372.29,373.32 1 1
github.com/raja-aiml/sematic-cache/deploy/local/internal/build/builder.go:373.32,374.53 1 1
github.com/raja-aiml/sematic-cache/deploy/local/internal/build/builder.go:374.53,376.5 1 1
github.com/raja-aiml/sematic-cache/deploy/local/internal/build/builder.go:380.2,380.20 1 1
github.com/raja-aiml/sematic-cache/deploy/local/internal/build/builder.go:384.76,394.38 2 1
github.com/raja-aiml/sematic-cache/deploy/local/internal/build/builder.go:394.38,396.3 1 0
github.com/raja-aiml/sematic-cache/deploy/local/internal/build/builder.go:398.2,398.33 1 1
github.com/raja-aiml/sematic-cache/deploy/local/internal/build/builder.go:402.65,404.2 1 1
github.com/raja-aiml/sematic-cache/deploy/local/internal/build/builder.go:407.84,409.16 2 1
github.com/raja-aiml/sematic-cache/deploy/local/internal/build/builder.go:409.16,414.3 2 0
github.com/raja-aiml/sematic-cache/deploy/local/internal/build/builder.go:417.2,417.29 1 1
github.com/raja-aiml/sematic-cache/deploy/local/internal/build/builder.go:417.29,418.32 1 1
github.com/raja-aiml/sematic-cache/deploy/local/internal/build/builder.go:418.32,419.32 1 1
github.com/raja-aiml/sematic-cache/deploy/local/internal/build/builder.go:419.32,430.61 3 1
github.com/raja-aiml/sematic-cache/deploy/local/internal/build/builder.go:430.61,435.6 1 0
github.com/raja-aiml/sematic-cache/deploy/local/internal/build/builder.go:436.5,436.11 1 1
github.com/raja-aiml/sematic-cache/deploy/local/internal/build/builder.go:443.61,447.2 1 1
github.com/raja-aiml/sematic-cache/deploy/local/internal/build/builder.go:450.45,452.20 1 1
github.com/raja-aiml/sematic-cache/deploy/local/internal/build/builder.go:452.20,454.3 1 1
github.com/raja-aiml/sematic-cache/deploy/local/internal/build/builder.go:457.2,457.37 1 1
github.com/raja-aiml/sematic-cache/deploy/local/internal/build/builder.go:457.37,460.3 2 1
github.com/raja-aiml/sematic-cache/deploy/local/internal/build/builder.go:463.2,463.37 1 1
github.com/raja-aiml/sematic-cache/deploy/local/internal/build/builder.go:463.37,466.3 2 1
github.com/raja-aiml/sematic-cache/deploy/local/internal/build/builder.go:469.2,469.21 1 1
github.com/raja-aiml/sematic-cache/deploy/local/internal/build/cache.go:16.36,20.2 1 0
github.com/raja-aiml/sematic-cache/deploy/local/internal/build/cache.go:23.81,28.13 4 0
github.com/raja-aiml/sematic-cache/deploy/local/internal/build/cache.go:28.13,30.3 1 0
github.com/raja-aiml/sematic-cache/deploy/local/internal/build/cache.go:33.2,33.39 1 0
github.com/raja-aiml/sematic-cache/deploy/local/internal/build/cache.go:33.39,35.3 1 0
github.com/raja-aiml/sematic-cache/deploy/local/internal/build/cache.go:37.2,37.19 1 0
github.com/raja-aiml/sematic-cache/deploy/local/internal/build/cache.go:41.85,47.2 4 0
github.com/raja-aiml/sematic-cache/deploy/local/internal/build/cache.go:50.69,56.2 4 0
github.com/raja-aiml/sematic-cache/deploy/local/internal/build/cache.go:59.56,65.2 4 0
github.com/raja-aiml/sematic-cache/deploy/local/internal/build/cache.go:68.33,73.36 4 0
github.com/raja-aiml/sematic-cache/deploy/local/internal/build/cache.go:73.36,74.33 1 0
github.com/raja-aiml/sematic-cache/deploy/local/internal/build/cache.go:74.33,76.4 1 0
github.com/raja-aiml/sematic-cache/deploy/local/pkg/secrets/manager.go:20.56,25.2 1 1
github.com/raja-aiml/sematic-cache/deploy/local/pkg/secrets/manager.go:34.63,36.44 1 0
github.com/raja-aiml/sematic-cache/deploy/local/pkg/secrets/manager.go:36.44,38.3 1 0
github.com/raja-aiml/sematic-cache/deploy/local/pkg/secrets/manager.go:41.2,51.16 4 0
github.com/raja-aiml/sematic-cache/deploy/local/pkg/secrets/manager.go:51.16,54.17 2 0
github.com/raja-aiml/sematic-cache/deploy/local/pkg/secrets/manager.go:54.17,56.4 1 0
github.com/raja-aiml/sematic-cache/deploy/local/pkg/secrets/manager.go:57.3,57.35 1 0
github.com/raja-aiml/sematic-cache/deploy/local/pkg/secrets/manager.go:58.8,60.3 1 0
github.com/raja-aiml/sematic-cache/deploy/local/pkg/secrets/manager.go:62.2,62.12 1 0
github.com/raja-aiml/sematic-cache/deploy/local/pkg/secrets/manager.go:66.107,67.77 1 0
github.com/raja-aiml/sematic-cache/deploy/local/pkg/secrets/manager.go:67.77,69.3 1 0
github.com/raja-aiml/sematic-cache/deploy/local/pkg/secrets/manager.go:70.2,71.12 2 0
github.com/raja-aiml/sematic-cache/deploy/local/pkg/secrets/manager.go:75.107,76.77 1 0
github.com/raja-aiml/sematic-cache/deploy/local/pkg/secrets/manager.go:76.77,78.3 1 0
github.com/raja-aiml/sematic-cache/deploy/local/pkg/secrets/manager.go:79.2,80.12 2 0
github.com/raja-aiml/sematic-cache/deploy/local/pkg/secrets/manager.go:84.46,91.29 2 1
github.com/raja-aiml/sematic-cache/deploy/local/pkg/secrets/manager.go:91.29,94.3 2 1
github.com/raja-aiml/sematic-cache/deploy/local/pkg/secrets/manager.go:96.2,96.28 1 1
github.com/raja-aiml/sematic-cache/deploy/local/pkg/secrets/manager.go:96.28,99.3 2 1
github.com/raja-aiml/sematic-cache/deploy/local/pkg/secrets/manager.go:101.2,101.13 1 1
github.com/raja-aiml/sematic-cache/deploy/local/pkg/secrets/manager.go:105.62,109.16 3 0
github.com/raja-aiml/sematic-cache/deploy/local/pkg/secrets/manager.go:109.16,111.3 1 0
github.com/raja-aiml/sematic-cache/deploy/local/pkg/secrets/manager.go:113.2,114.12 2 0
github.com/raja-aiml/sematic-cache/deploy/local/pkg/docker/builder.go:19.28,26.52 2 1
github.com/raja-aiml/sematic-cache/deploy/local/pkg/docker/builder.go:26.52,29.3 2 1
github.com/raja-aiml/sematic-cache/deploy/local/pkg/docker/builder.go:29.8,32.3 2 0
github.com/raja-aiml/sematic-cache/deploy/local/pkg/docker/builder.go:34.2,34.16 1 1
github.com/raja-aiml/sematic-cache/deploy/local/pkg/docker/builder.go:37.100,39.37 1 1
github.com/raja-aiml/sematic-cache/deploy/local/pkg/docker/builder.go:39.37,41.3 1 0
github.com/raja-aiml/sematic-cache/deploy/local/pkg/docker/builder.go:44.2,54.16 4 1
github.com/raja-aiml/sematic-cache/deploy/local/pkg/docker/builder.go:54.16,56.3 1 1
github.com/raja-aiml/sematic-cache/deploy/local/pkg/docker/builder.go:58.2,60.12 3 0
github.com/raja-aiml/sematic-cache/deploy/local/pkg/docker/builder.go:63.83,65.37 1 1
github.com/raja-aiml/sematic-cache/deploy/local/pkg/docker/builder.go:65.37,67.3 1 0
github.com/raja-aiml/sematic-cache/deploy/local/pkg/docker/builder.go:70.2,75.16 4 1
github.com/raja-aiml/sematic-cache/deploy/local/pkg/docker/builder.go:75.16,77.3 1 1
github.com/raja-aiml/sematic-cache/deploy/local/pkg/docker/builder.go:79.2,79.12 1 0
github.com/raja-aiml/sematic-cache/deploy/local/pkg/docker/builder.go:82.69,84.37 1 1
github.com/raja-aiml/sematic-cache/deploy/local/pkg/docker/builder.go:84.37,86.3 1 0
github.com/raja-aiml/sematic-cache/deploy/local/pkg/docker/builder.go:89.2,94.16 4 1
github.com/raja-aiml/sematic-cache/deploy/local/pkg/docker/builder.go:94.16,96.3 1 1
github.com/raja-aiml/sematic-cache/deploy/local/pkg/docker/builder.go:98.2,99.12 2 0
github.com/raja-aiml/sematic-cache/deploy/local/pkg/docker/builder.go:102.89,108.16 4 1
github.com/raja-aiml/sematic-cache/deploy/local/pkg/docker/builder.go:108.16,110.3 1 1
github.com/raja-aiml/sematic-cache/deploy/local/pkg/docker/builder.go:112.2,114.12 3 0
github.com/raja-aiml/sematic-cache/deploy/local/pkg/docker/builder.go:117.96,119.37 1 1
github.com/raja-aiml/sematic-cache/deploy/local/pkg/docker/builder.go:119.37,121.3 1 0
github.com/raja-aiml/sematic-cache/deploy/local/pkg/docker/builder.go:124.2,126.17 2 1
github.com/raja-aiml/sematic-cache/deploy/local/pkg/docker/builder.go:126.17,127.22 1 1
github.com/raja-aiml/sematic-cache/deploy/local/pkg/docker/builder.go:127.22,129.4 1 1
github.com/raja-aiml/sematic-cache/deploy/local/pkg/docker/builder.go:130.3,130.30 1 1
github.com/raja-aiml/sematic-cache/deploy/local/pkg/docker/builder.go:130.30,132.4 1 1
github.com/raja-aiml/sematic-cache/deploy/local/pkg/docker/builder.go:133.3,133.34 1 1
github.com/raja-aiml/sematic-cache/deploy/local/pkg/docker/builder.go:133.34,135.4 1 1
github.com/raja-aiml/sematic-cache/deploy/local/pkg/docker/builder.go:136.3,136.32 1 1
github.com/raja-aiml/sematic-cache/deploy/local/pkg/docker/builder.go:136.32,138.4 1 1
github.com/raja-aiml/sematic-cache/deploy/local/pkg/docker/builder.go:139.3,139.25 1 1
github.com/raja-aiml/sematic-cache/deploy/local/pkg/docker/builder.go:139.25,141.4 1 1
github.com/raja-aiml/sematic-cache/deploy/local/pkg/docker/builder.go:142.3,142.18 1 1
github.com/raja-aiml/sematic-cache/deploy/local/pkg/docker/builder.go:142.18,144.4 1 1
github.com/raja-aiml/sematic-cache/deploy/local/pkg/docker/builder.go:147.2,148.42 2 1
github.com/raja-aiml/sematic-cache/deploy/local/pkg/docker/builder.go:148.42,150.3 1 1
github.com/raja-aiml/sematic-cache/deploy/local/pkg/docker/builder.go:152.2,153.16 2 1
github.com/raja-aiml/sematic-cache/deploy/local/pkg/docker/builder.go:153.16,155.3 1 1
github.com/raja-aiml/sematic-cache/deploy/local/pkg/docker/builder.go:157.2,157.39 1 0
github.com/raja-aiml/sematic-cache/deploy/local/pkg/docker/builder.go:160.71,162.37 1 1
github.com/raja-aiml/sematic-cache/deploy/local/pkg/docker/builder.go:162.37,164.3 1 0
github.com/raja-aiml/sematic-cache/deploy/local/pkg/docker/builder.go:167.2,170.16 3 1
github.com/raja-aiml/sematic-cache/deploy/local/pkg/docker/builder.go:170.16,172.3 1 1
github.com/raja-aiml/sematic-cache/deploy/local/pkg/docker/builder.go:174.2,174.12 1 0
github.com/raja-aiml/sematic-cache/deploy/local/pkg/docker/builder.go:177.73,179.37 1 1
github.com/raja-aiml/sematic-cache/deploy/local/pkg/docker/builder.go:179.37,181.3 1 0
github.com/raja-aiml/sematic-cache/deploy/local/pkg/docker/builder.go:184.2,187.16 3 1
github.com/raja-aiml/sematic-cache/deploy/local/pkg/docker/builder.go:187.16,189.3 1 0
github.com/raja-aiml/sematic-cache/deploy/local/pkg/docker/builder.go:191.2,191.12 1 1
github.com/raja-aiml/sematic-cache/deploy/local/pkg/docker/builder.go:205.61,207.37 1 1
github.com/raja-aiml/sematic-cache/deploy/local/pkg/docker/builder.go:207.37,209.3 1 0
github.com/raja-aiml/sematic-cache/deploy/local/pkg/docker/builder.go:212.2,213.19 2 1
github.com/raja-aiml/sematic-cache/deploy/local/pkg/docker/builder.go:217.33,218.25 1 1
github.com/raja-aiml/sematic-cache/deploy/local/pkg/docker/builder.go:218.25,220.3 1 0
github.com/raja-aiml/sematic-cache/deploy/local/pkg/docker/builder.go:221.2,221.12 1 1
github.com/raja-aiml/sematic-cache/deploy/local/pkg/docker/builder.go:224.39,227.25 2 1
github.com/raja-aiml/sematic-cache/deploy/local/pkg/docker/builder.go:227.25,229.45 2 1
github.com/raja-aiml/sematic-cache/deploy/local/pkg/docker/builder.go:229.45,231.4 1 1
github.com/raja-aiml/sematic-cache/deploy/local/pkg/docker/builder.go:232.3,232.47 1 1
github.com/raja-aiml/sematic-cache/deploy/local/pkg/docker/builder.go:234.2,234.54 1 1
github.com/raja-aiml/sematic-cache/deploy/local/pkg/docker/builder_sdk.go:31.43,33.16 2 1
github.com/raja-aiml/sematic-cache/deploy/local/pkg/docker/builder_sdk.go:33.16,35.3 1 0
github.com/raja-aiml/sematic-cache/deploy/local/pkg/docker/builder_sdk.go:37.2,40.8 1 1
github.com/raja-aiml/sematic-cache/deploy/local/pkg/docker/builder_sdk.go:44.36,45.21 1 0
github.com/raja-aiml/sematic-cache/deploy/local/pkg/docker/builder_sdk.go:45.21,47.3 1 0
github.com/raja-aiml/sematic-cache/deploy/local/pkg/docker/builder_sdk.go:48.2,48.12 1 0
github.com/raja-aiml/sematic-cache/deploy/local/pkg/docker/builder_sdk.go:52.103,57.16 3 0
github.com/raja-aiml/sematic-cache/deploy/local/pkg/docker/builder_sdk.go:57.16,59.3 1 0
github.com/raja-aiml/sematic-cache/deploy/local/pkg/docker/builder_sdk.go:62.2,71.16 3 0
github.com/raja-aiml/sematic-cache/deploy/local/pkg/docker/builder_sdk.go:71.16,73.3 1 0
github.com/raja-aiml/sematic-cache/deploy/local/pkg/docker/builder_sdk.go:74.2,77.64 2 0
github.com/raja-aiml/sematic-cache/deploy/local/pkg/docker/builder_sdk.go:77.64,79.3 1 0
github.com/raja-aiml/sematic-cache/deploy/local/pkg/docker/builder_sdk.go:81.2,82.12 2 0
github.com/raja-aiml/sematic-cache/deploy/local/pkg/docker/builder_sdk.go:86.86,89.73 2 0
github.com/raja-aiml/sematic-cache/deploy/local/pkg/docker/builder_sdk.go:89.73,91.3 1 0
github.com/raja-aiml/sematic-cache/deploy/local/pkg/docker/builder_sdk.go:93.2,93.12 1 0
github.com/raja-aiml/sematic-cache/deploy/local/pkg/docker/builder_sdk.go:97.72,104.16 4 0
github.com/raja-aiml/sematic-cache/deploy/local/pkg/docker/builder_sdk.go:104.16,106.3 1 0
github.com/raja-aiml/sematic-cache/deploy/local/pkg/docker/builder_sdk.go:107.2,110.58 2 0
github.com/raja-aiml/sematic-cache/deploy/local/pkg/docker/builder_sdk.go:110.58,112.3 1 0
github.com/raja-aiml/sematic-cache/deploy/local/pkg/docker/builder_sdk.go:114.2,114.12 1 0
github.com/raja-aiml/sematic-cache/deploy/local/pkg/docker/builder_sdk.go:118.99,128.17 3 0
github.com/raja-aiml/sematic-cache/deploy/local/pkg/docker/builder_sdk.go:128.17,129.24 1 0
github.com/raja-aiml/sematic-cache/deploy/local/pkg/docker/builder_sdk.go:129.24,131.31 2 0
github.com/raja-aiml/sematic-cache/deploy/local/pkg/docker/builder_sdk.go:131.31,133.5 1 0
github.com/raja-aiml/sematic-cache/deploy/local/pkg/docker/builder_sdk.go:136.3,136.28 1 0
github.com/raja-aiml/sematic-cache/deploy/local/pkg/docker/builder_sdk.go:136.28,138.4 1 0
github.com/raja-aiml/sematic-cache/deploy/local/pkg/docker/builder_sdk.go:140.3,140.26 1 0
github.com/raja-aiml/sematic-cache/deploy/local/pkg/docker/builder_sdk.go:140.26,144.52 3 0
github.com/raja-aiml/sematic-cache/deploy/local/pkg/docker/builder_sdk.go:144.52,146.19 2 0
github.com/raja-aiml/sematic-cache/deploy/local/pkg/docker/builder_sdk.go:146.19,148.6 1 0
github.com/raja-aiml/sematic-cache/deploy/local/pkg/docker/builder_sdk.go:149.5,152.6 2 0
github.com/raja-aiml/sematic-cache/deploy/local/pkg/docker/builder_sdk.go:156.3,156.25 1 0
github.com/raja-aiml/sematic-cache/deploy/local/pkg/docker/builder_sdk.go:156.25,158.4 1 0
github.com/raja-aiml/sematic-cache/deploy/local/pkg/docker/builder_sdk.go:160.3,160.28 1 0
github.com/raja-aiml/sematic-cache/deploy/local/pkg/docker/builder_sdk.go:160.28,162.4 1 0
github.com/raja-aiml/sematic-cache/deploy/local/pkg/docker/builder_sdk.go:166.2,167.36 2 0
github.com/raja-aiml/sematic-cache/deploy/local/pkg/docker/builder_sdk.go:167.36,169.3 1 0
github.com/raja-aiml/sematic-cache/deploy/local/pkg/docker/builder_sdk.go:171.2,172.16 2 0
github.com/raja-aiml/sematic-cache/deploy/local/pkg/docker/builder_sdk.go:172.16,174.3 1 0
github.com/raja-aiml/sematic-cache/deploy/local/pkg/docker/builder_sdk.go:177.2,177.88 1 0
github.com/raja-aiml/sematic-cache/deploy/local/pkg/docker/builder_sdk.go:177.88,179.3 1 0
github.com/raja-aiml/sematic-cache/deploy/local/pkg/docker/builder_sdk.go:182.2,182.32 1 0
github.com/raja-aiml/sematic-cache/deploy/local/pkg/docker/builder_sdk.go:182.32,184.3 1 0
github.com/raja-aiml/sematic-cache/deploy/local/pkg/docker/builder_sdk.go:187.2,188.9 2 0
github.com/raja-aiml/sematic-cache/deploy/local/pkg/docker/builder_sdk.go:189.22,190.17 1 0
github.com/raja-aiml/sematic-cache/deploy/local/pkg/docker/builder_sdk.go:190.17,192.4 1 0
github.com/raja-aiml/sematic-cache/deploy/local/pkg/docker/builder_sdk.go:193.18,193.18 0 0
github.com/raja-aiml/sematic-cache/deploy/local/pkg/docker/builder_sdk.go:197.2,203.16 3 0
github.com/raja-aiml/sematic-cache/deploy/local/pkg/docker/builder_sdk.go:203.16,205.3 1 0
github.com/raja-aiml/sematic-cache/deploy/local/pkg/docker/builder_sdk.go:206.2,210.61 3 0
github.com/raja-aiml/sematic-cache/deploy/local/pkg/docker/builder_sdk.go:210.61,212.3 1 0
github.com/raja-aiml/sematic-cache/deploy/local/pkg/docker/builder_sdk.go:214.2,214.45 1 0
github.com/raja-aiml/sematic-cache/deploy/local/pkg/docker/builder_sdk.go:218.74,224.78 3 0
github.com/raja-aiml/sematic-cache/deploy/local/pkg/docker/builder_sdk.go:224.78,226.3 1 0
github.com/raja-aiml/sematic-cache/deploy/local/pkg/docker/builder_sdk.go:228.2,228.12 1 0
github.com/raja-aiml/sematic-cache/deploy/local/pkg/docker/builder_sdk.go:232.76,237.82 2 0
github.com/raja-aiml/sematic-cache/deploy/local/pkg/docker/builder_sdk.go:237.82,239.3 1 0
github.com/raja-aiml/sematic-cache/deploy/local/pkg/docker/builder_sdk.go:241.2,241.12 1 0
github.com/raja-aiml/sematic-cache/deploy/local/pkg/docker/builder_sdk.go:245.64,248.2 2 0
github.com/raja-aiml/sematic-cache/deploy/local/pkg/docker/builder_sdk.go:251.79,253.2 1 0
github.com/raja-aiml/sematic-cache/deploy/local/pkg/docker/builder_sdk.go:257.78,263.89 4 0
github.com/raja-aiml/sematic-cache/deploy/local/pkg/docker/builder_sdk.go:263.89,264.17 1 0
github.com/raja-aiml/sematic-cache/deploy/local/pkg/docker/builder_sdk.go:264.17,266.4 1 0
github.com/raja-aiml/sematic-cache/deploy/local/pkg/docker/builder_sdk.go:269.3,269.79 1 0
github.com/raja-aiml/sematic-cache/deploy/local/pkg/docker/builder_sdk.go:269.79,271.4 1 0
github.com/raja-aiml/sematic-cache/deploy/local/pkg/docker/builder_sdk.go:274.3,275.17 2 0
github.com/raja-aiml/sematic-cache/deploy/local/pkg/docker/builder_sdk.go:275.17,277.4 1 0
github.com/raja-aiml/sematic-cache/deploy/local/pkg/docker/builder_sdk.go:280.3,281.17 2 0
github.com/raja-aiml/sematic-cache/deploy/local/pkg/docker/builder_sdk.go:281.17,283.4 1 0
github.com/raja-aiml/sematic-cache/deploy/local/pkg/docker/builder_sdk.go:284.3,287.48 2 0
github.com/raja-aiml/sematic-cache/deploy/local/pkg/docker/builder_sdk.go:287.48,289.4 1 0
github.com/raja-aiml/sematic-cache/deploy/local/pkg/docker/builder_sdk.go:292.3,292.20 1 0
github.com/raja-aiml/sematic-cache/deploy/local/pkg/docker/builder_sdk.go:292.20,294.18 2 0
github.com/raja-aiml/sematic-cache/deploy/local/pkg/docker/builder_sdk.go:294.18,296.5 1 0
github.com/raja-aiml/sematic-cache/deploy/local/pkg/docker/builder_sdk.go:297.4,299.47 2 0
github.com/raja-aiml/sematic-cache/deploy/local/pkg/docker/builder_sdk.go:299.47,301.5 1 0
github.com/raja-aiml/sematic-cache/deploy/local/pkg/docker/builder_sdk.go:304.3,304.13 1 0
github.com/raja-aiml/sematic-cache/deploy/local/pkg/docker/builder_sdk.go:307.2,307.16 1 0
github.com/raja-aiml/sematic-cache/deploy/local/pkg/docker/builder_sdk.go:307.16,309.3 1 0
github.com/raja-aiml/sematic-cache/deploy/local/pkg/docker/builder_sdk.go:311.2,311.17 1 0
github.com/raja-aiml/sematic-cache/deploy/local/pkg/docker/builder_sdk.go:314.71,316.6 2 0
github.com/raja-aiml/sematic-cache/deploy/local/pkg/docker/builder_sdk.go:316.6,318.50 2 0
github.com/raja-aiml/sematic-cache/deploy/local/pkg/docker/builder_sdk.go:318.50,319.21 1 0
github.com/raja-aiml/sematic-cache/deploy/local/pkg/docker/builder_sdk.go:319.21,320.10 1 0
github.com/raja-aiml/sematic-cache/deploy/local/pkg/docker/builder_sdk.go:322.4,322.14 1 0
github.com/raja-aiml/sematic-cache/deploy/local/pkg/docker/builder_sdk.go:325.3,325.51 1 0
github.com/raja-aiml/sematic-cache/deploy/local/pkg/docker/builder_sdk.go:325.51,327.4 1 0
github.com/raja-aiml/sematic-cache/deploy/local/pkg/docker/builder_sdk.go:329.3,329.77 1 0
github.com/raja-aiml/sematic-cache/deploy/local/pkg/docker/builder_sdk.go:329.77,330.54 1 0
github.com/raja-aiml/sematic-cache/deploy/local/pkg/docker/builder_sdk.go:330.54,332.5 1 0
github.com/raja-aiml/sematic-cache/deploy/local/pkg/docker/builder_sdk.go:335.2,335.12 1 0
github.com/raja-aiml/sematic-cache/deploy/local/pkg/docker/builder_sdk.go:338.70,340.6 2 0
github.com/raja-aiml/sematic-cache/deploy/local/pkg/docker/builder_sdk.go:340.6,342.50 2 0
github.com/raja-aiml/sematic-cache/deploy/local/pkg/docker/builder_sdk.go:342.50,343.21 1 0
github.com/raja-aiml/sematic-cache/deploy/local/pkg/docker/builder_sdk.go:343.21,344.10 1 0
github.com/raja-aiml/sematic-cache/deploy/local/pkg/docker/builder_sdk.go:346.4,346.14 1 0
github.com/raja-aiml/sematic-cache/deploy/local/pkg/docker/builder_sdk.go:349.3,349.51 1 0
github.com/raja-aiml/sematic-cache/deploy/local/pkg/docker/builder_sdk.go:349.51,351.4 1 0
github.com/raja-aiml/sematic-cache/deploy/local/pkg/docker/builder_sdk.go:353.3,353.77 1 0
github.com/raja-aiml/sematic-cache/deploy/local/pkg/docker/builder_sdk.go:353.77,354.54 1 0
github.com/raja-aiml/sematic-cache/deploy/local/pkg/docker/builder_sdk.go:354.54,356.5 1 0
github.com/raja-aiml/sematic-cache/deploy/local/pkg/docker/builder_sdk.go:359.2,359.12 1 0
github.com/raja-aiml/sematic-cache/deploy/local/cmd/cluster.go:15.34,33.2 9 1
github.com/raja-aiml/sematic-cache/deploy/local/cmd/cluster.go:35.54,39.55 1 1
github.com/raja-aiml/sematic-cache/deploy/local/cmd/cluster.go:39.55,45.48 4 0
github.com/raja-aiml/sematic-cache/deploy/local/cmd/cluster.go:45.48,47.5 1 0
github.com/raja-aiml/sematic-cache/deploy/local/cmd/cluster.go:50.4,55.18 4 0
github.com/raja-aiml/sematic-cache/deploy/local/cmd/cluster.go:55.18,57.5 1 0
github.com/raja-aiml/sematic-cache/deploy/local/cmd/cluster.go:59.4,61.34 3 0
github.com/raja-aiml/sematic-cache/deploy/local/cmd/cluster.go:61.34,62.62 1 0
github.com/raja-aiml/sematic-cache/deploy/local/cmd/cluster.go:62.62,64.6 1 0
github.com/raja-aiml/sematic-cache/deploy/local/cmd/cluster.go:68.4,72.18 3 0
github.com/raja-aiml/sematic-cache/deploy/local/cmd/cluster.go:72.18,74.5 1 0
github.com/raja-aiml/sematic-cache/deploy/local/cmd/cluster.go:76.4,76.76 1 0
github.com/raja-aiml/sematic-cache/deploy/local/cmd/cluster.go:76.76,78.5 1 0
github.com/raja-aiml/sematic-cache/deploy/local/cmd/cluster.go:81.4,82.64 2 0
github.com/raja-aiml/sematic-cache/deploy/local/cmd/cluster.go:82.64,84.5 1 0
github.com/raja-aiml/sematic-cache/deploy/local/cmd/cluster.go:86.4,89.14 3 0
github.com/raja-aiml/sematic-cache/deploy/local/cmd/cluster.go:94.56,98.55 1 1
github.com/raja-aiml/sematic-cache/deploy/local/cmd/cluster.go:98.55,105.48 5 0
github.com/raja-aiml/sematic-cache/deploy/local/cmd/cluster.go:105.48,107.5 1 0
github.com/raja-aiml/sematic-cache/deploy/local/cmd/cluster.go:109.4,110.14 2 0
github.com/raja-aiml/sematic-cache/deploy/local/cmd/cluster.go:115.58,119.55 1 1
github.com/raja-aiml/sematic-cache/deploy/local/cmd/cluster.go:119.55,125.26 4 0
github.com/raja-aiml/sematic-cache/deploy/local/cmd/cluster.go:125.26,128.5 2 0
github.com/raja-aiml/sematic-cache/deploy/local/cmd/cluster.go:130.4,134.18 3 0
github.com/raja-aiml/sematic-cache/deploy/local/cmd/cluster.go:134.18,136.5 1 0
github.com/raja-aiml/sematic-cache/deploy/local/cmd/cluster.go:138.4,139.14 2 0
github.com/raja-aiml/sematic-cache/deploy/local/cmd/cluster.go:144.56,152.55 4 1
github.com/raja-aiml/sematic-cache/deploy/local/cmd/cluster.go:152.55,156.18 3 0
github.com/raja-aiml/sematic-cache/deploy/local/cmd/cluster.go:156.18,158.5 1 0
github.com/raja-aiml/sematic-cache/deploy/local/cmd/cluster.go:160.4,169.18 4 0
github.com/raja-aiml/sematic-cache/deploy/local/cmd/cluster.go:169.18,171.5 1 0
github.com/raja-aiml/sematic-cache/deploy/local/cmd/cluster.go:173.4,175.14 2 0
github.com/raja-aiml/sematic-cache/deploy/local/cmd/cluster.go:179.2,183.12 4 1
github.com/raja-aiml/sematic-cache/deploy/local/cmd/cluster.go:186.56,190.55 1 1
github.com/raja-aiml/sematic-cache/deploy/local/cmd/cluster.go:190.55,196.26 4 0
github.com/raja-aiml/sematic-cache/deploy/local/cmd/cluster.go:196.26,198.5 1 0
github.com/raja-aiml/sematic-cache/deploy/local/cmd/cluster.go:199.4,203.18 3 0
github.com/raja-aiml/sematic-cache/deploy/local/cmd/cluster.go:203.18,205.5 1 0
github.com/raja-aiml/sematic-cache/deploy/local/cmd/cluster.go:208.4,218.33 2 0
github.com/raja-aiml/sematic-cache/deploy/local/cmd/cluster.go:218.33,220.19 2 0
github.com/raja-aiml/sematic-cache/deploy/local/cmd/cluster.go:220.19,222.14 2 0
github.com/raja-aiml/sematic-cache/deploy/local/cmd/cluster.go:225.5,226.30 2 0
github.com/raja-aiml/sematic-cache/deploy/local/cmd/cluster.go:226.30,227.39 1 0
github.com/raja-aiml/sematic-cache/deploy/local/cmd/cluster.go:227.39,229.7 1 0
github.com/raja-aiml/sematic-cache/deploy/local/cmd/cluster.go:232.5,232.20 1 0
github.com/raja-aiml/sematic-cache/deploy/local/cmd/cluster.go:232.20,234.6 1 0
github.com/raja-aiml/sematic-cache/deploy/local/cmd/cluster.go:234.11,236.6 1 0
github.com/raja-aiml/sematic-cache/deploy/local/cmd/cluster.go:239.4,239.14 1 0
github.com/raja-aiml/sematic-cache/deploy/local/cmd/cluster.go:244.85,256.34 3 1
github.com/raja-aiml/sematic-cache/deploy/local/cmd/cluster.go:256.34,259.109 2 1
github.com/raja-aiml/sematic-cache/deploy/local/cmd/cluster.go:259.109,262.4 1 0
github.com/raja-aiml/sematic-cache/deploy/local/cmd/cluster.go:265.2,265.12 1 0
github.com/raja-aiml/sematic-cache/deploy/local/cmd/composite.go:32.40,37.55 1 0
github.com/raja-aiml/sematic-cache/deploy/local/cmd/composite.go:37.55,47.14 5 0
github.com/raja-aiml/sematic-cache/deploy/local/cmd/composite.go:47.14,51.5 3 0
github.com/raja-aiml/sematic-cache/deploy/local/cmd/composite.go:54.4,54.39 1 0
github.com/raja-aiml/sematic-cache/deploy/local/cmd/composite.go:54.39,57.5 2 0
github.com/raja-aiml/sematic-cache/deploy/local/cmd/composite.go:59.4,60.14 2 0
github.com/raja-aiml/sematic-cache/deploy/local/cmd/composite.go:65.65,69.53 2 0
github.com/raja-aiml/sematic-cache/deploy/local/cmd/composite.go:69.53,71.3 1 0
github.com/raja-aiml/sematic-cache/deploy/local/cmd/composite.go:74.2,77.52 2 0
github.com/raja-aiml/sematic-cache/deploy/local/cmd/composite.go:77.52,79.3 1 0
github.com/raja-aiml/sematic-cache/deploy/local/cmd/composite.go:82.2,83.16 2 0
github.com/raja-aiml/sematic-cache/deploy/local/cmd/composite.go:83.16,85.3 1 0
github.com/raja-aiml/sematic-cache/deploy/local/cmd/composite.go:86.2,89.62 2 0
github.com/raja-aiml/sematic-cache/deploy/local/cmd/composite.go:89.62,91.3 1 0
github.com/raja-aiml/sematic-cache/deploy/local/cmd/composite.go:94.2,94.44 1 0
github.com/raja-aiml/sematic-cache/deploy/local/cmd/composite.go:94.44,96.3 1 0
github.com/raja-aiml/sematic-cache/deploy/local/cmd/composite.go:98.2,99.12 2 0
github.com/raja-aiml/sematic-cache/deploy/local/cmd/composite.go:102.81,106.82 2 0
github.com/raja-aiml/sematic-cache/deploy/local/cmd/composite.go:106.82,108.3 1 0
github.com/raja-aiml/sematic-cache/deploy/local/cmd/composite.go:111.2,111.79 1 0
github.com/raja-aiml/sematic-cache/deploy/local/cmd/composite.go:111.79,113.3 1 0
github.com/raja-aiml/sematic-cache/deploy/local/cmd/composite.go:115.2,115.12 1 0
github.com/raja-aiml/sematic-cache/deploy/local/cmd/composite.go:118.110,127.36 3 0
github.com/raja-aiml/sematic-cache/deploy/local/cmd/composite.go:127.36,129.3 1 0
github.com/raja-aiml/sematic-cache/deploy/local/cmd/composite.go:131.2,137.12 2 0
github.com/raja-aiml/sematic-cache/deploy/local/cmd/composite.go:140.80,153.68 3 0
github.com/raja-aiml/sematic-cache/deploy/local/cmd/composite.go:153.68,155.3 1 0
github.com/raja-aiml/sematic-cache/deploy/local/cmd/composite.go:158.2,158.58 1 0
github.com/raja-aiml/sematic-cache/deploy/local/cmd/composite.go:158.58,173.18 4 0
github.com/raja-aiml/sematic-cache/deploy/local/cmd/composite.go:173.18,175.4 1 0
github.com/raja-aiml/sematic-cache/deploy/local/cmd/composite.go:177.3,177.55 1 0
github.com/raja-aiml/sematic-cache/deploy/local/cmd/composite.go:178.8,180.55 1 0
github.com/raja-aiml/sematic-cache/deploy/local/cmd/composite.go:180.55,182.4 1 0
github.com/raja-aiml/sematic-cache/deploy/local/cmd/composite.go:182.9,184.4 1 0
github.com/raja-aiml/sematic-cache/deploy/local/cmd/composite.go:187.2,187.12 1 0
github.com/raja-aiml/sematic-cache/deploy/local/cmd/composite.go:190.74,234.16 4 0
github.com/raja-aiml/sematic-cache/deploy/local/cmd/composite.go:234.16,236.3 1 0
github.com/raja-aiml/sematic-cache/deploy/local/cmd/composite.go:239.2,240.16 2 0
github.com/raja-aiml/sematic-cache/deploy/local/cmd/composite.go:240.16,242.3 1 0
github.com/raja-aiml/sematic-cache/deploy/local/cmd/composite.go:244.2,244.51 1 0
github.com/raja-aiml/sematic-cache/deploy/local/cmd/composite.go:244.51,248.3 3 0
github.com/raja-aiml/sematic-cache/deploy/local/cmd/composite.go:250.2,252.28 3 0
github.com/raja-aiml/sematic-cache/deploy/local/cmd/composite.go:255.97,259.16 3 0
github.com/raja-aiml/sematic-cache/deploy/local/cmd/composite.go:259.16,261.3 1 0
github.com/raja-aiml/sematic-cache/deploy/local/cmd/composite.go:264.2,265.57 2 0
github.com/raja-aiml/sematic-cache/deploy/local/cmd/composite.go:265.57,269.40 4 0
github.com/raja-aiml/sematic-cache/deploy/local/cmd/composite.go:269.40,271.4 1 0
github.com/raja-aiml/sematic-cache/deploy/local/cmd/composite.go:275.2,285.42 7 0
github.com/raja-aiml/sematic-cache/deploy/local/cmd/composite.go:285.42,287.3 1 0
github.com/raja-aiml/sematic-cache/deploy/local/cmd/composite.go:290.2,300.12 6 0
github.com/raja-aiml/sematic-cache/deploy/local/cmd/composite.go:303.56,309.58 3 0
github.com/raja-aiml/sematic-cache/deploy/local/cmd/composite.go:309.58,311.3 1 0
github.com/raja-aiml/sematic-cache/deploy/local/cmd/composite.go:314.2,314.53 1 0
github.com/raja-aiml/sematic-cache/deploy/local/cmd/composite.go:314.53,316.3 1 0
github.com/raja-aiml/sematic-cache/deploy/local/cmd/composite.go:318.2,318.12 1 0
github.com/raja-aiml/sematic-cache/deploy/local/cmd/composite.go:321.44,325.38 2 0
github.com/raja-aiml/sematic-cache/deploy/local/cmd/composite.go:325.38,326.45 1 0
github.com/raja-aiml/sematic-cache/deploy/local/cmd/composite.go:326.45,330.4 3 0
github.com/raja-aiml/sematic-cache/deploy/local/cmd/debug.go:18.32,30.2 5 0
github.com/raja-aiml/sematic-cache/deploy/local/cmd/debug.go:32.39,43.2 5 0
github.com/raja-aiml/sematic-cache/deploy/local/cmd/debug.go:45.45,49.55 1 0
github.com/raja-aiml/sematic-cache/deploy/local/cmd/debug.go:49.55,54.46 3 0
github.com/raja-aiml/sematic-cache/deploy/local/cmd/debug.go:54.46,56.5 1 0
github.com/raja-aiml/sematic-cache/deploy/local/cmd/debug.go:59.4,60.18 2 0
github.com/raja-aiml/sematic-cache/deploy/local/cmd/debug.go:60.18,62.5 1 0
github.com/raja-aiml/sematic-cache/deploy/local/cmd/debug.go:65.4,66.62 2 0
github.com/raja-aiml/sematic-cache/deploy/local/cmd/debug.go:66.62,68.5 1 0
github.com/raja-aiml/sematic-cache/deploy/local/cmd/debug.go:70.4,71.14 2 0
github.com/raja-aiml/sematic-cache/deploy/local/cmd/debug.go:76.43,80.55 1 0
github.com/raja-aiml/sematic-cache/deploy/local/cmd/debug.go:80.55,88.18 4 0
github.com/raja-aiml/sematic-cache/deploy/local/cmd/debug.go:88.18,91.5 2 0
github.com/raja-aiml/sematic-cache/deploy/local/cmd/debug.go:94.4,97.14 3 0
github.com/raja-aiml/sematic-cache/deploy/local/cmd/debug.go:102.45,106.55 1 0
github.com/raja-aiml/sematic-cache/deploy/local/cmd/debug.go:106.55,111.46 3 0
github.com/raja-aiml/sematic-cache/deploy/local/cmd/debug.go:111.46,113.5 1 0
github.com/raja-aiml/sematic-cache/deploy/local/cmd/debug.go:116.4,117.18 2 0
github.com/raja-aiml/sematic-cache/deploy/local/cmd/debug.go:117.18,119.5 1 0
github.com/raja-aiml/sematic-cache/deploy/local/cmd/debug.go:122.4,125.35 3 0
github.com/raja-aiml/sematic-cache/deploy/local/cmd/debug.go:125.35,127.5 1 0
github.com/raja-aiml/sematic-cache/deploy/local/cmd/debug.go:129.4,130.20 2 0
github.com/raja-aiml/sematic-cache/deploy/local/cmd/debug.go:130.20,132.5 1 0
github.com/raja-aiml/sematic-cache/deploy/local/cmd/debug.go:133.4,133.19 1 0
github.com/raja-aiml/sematic-cache/deploy/local/cmd/debug.go:133.19,135.5 1 0
github.com/raja-aiml/sematic-cache/deploy/local/cmd/debug.go:137.4,137.116 1 0
github.com/raja-aiml/sematic-cache/deploy/local/cmd/debug.go:137.116,139.5 1 0
github.com/raja-aiml/sematic-cache/deploy/local/cmd/debug.go:141.4,142.14 2 0
github.com/raja-aiml/sematic-cache/deploy/local/cmd/debug.go:147.39,157.2 4 0
github.com/raja-aiml/sematic-cache/deploy/local/cmd/debug.go:159.43,163.55 1 0
github.com/raja-aiml/sematic-cache/deploy/local/cmd/debug.go:163.55,170.54 4 0
github.com/raja-aiml/sematic-cache/deploy/local/cmd/debug.go:170.54,172.5 1 0
github.com/raja-aiml/sematic-cache/deploy/local/cmd/debug.go:175.4,175.57 1 0
github.com/raja-aiml/sematic-cache/deploy/local/cmd/debug.go:175.57,177.5 1 0
github.com/raja-aiml/sematic-cache/deploy/local/cmd/debug.go:180.4,180.58 1 0
github.com/raja-aiml/sematic-cache/deploy/local/cmd/debug.go:180.58,182.5 1 0
github.com/raja-aiml/sematic-cache/deploy/local/cmd/debug.go:185.4,185.55 1 0
github.com/raja-aiml/sematic-cache/deploy/local/cmd/debug.go:185.55,187.5 1 0
github.com/raja-aiml/sematic-cache/deploy/local/cmd/debug.go:190.4,190.51 1 0
github.com/raja-aiml/sematic-cache/deploy/local/cmd/debug.go:190.51,192.5 1 0
github.com/raja-aiml/sematic-cache/deploy/local/cmd/debug.go:195.4,195.54 1 0
github.com/raja-aiml/sematic-cache/deploy/local/cmd/debug.go:195.54,197.5 1 0
github.com/raja-aiml/sematic-cache/deploy/local/cmd/debug.go:199.4,199.14 1 0
github.com/raja-aiml/sematic-cache/deploy/local/cmd/debug.go:204.44,208.55 1 0
github.com/raja-aiml/sematic-cache/deploy/local/cmd/debug.go:208.55,216.23 5 0
github.com/raja-aiml/sematic-cache/deploy/local/cmd/debug.go:216.23,220.5 3 0
github.com/raja-aiml/sematic-cache/deploy/local/cmd/debug.go:221.4,225.20 3 0
github.com/raja-aiml/sematic-cache/deploy/local/cmd/debug.go:225.20,229.5 3 0
github.com/raja-aiml/sematic-cache/deploy/local/cmd/debug.go:230.4,234.19 3 0
github.com/raja-aiml/sematic-cache/deploy/local/cmd/debug.go:234.19,238.5 3 0
github.com/raja-aiml/sematic-cache/deploy/local/cmd/debug.go:239.4,242.14 3 0
github.com/raja-aiml/sematic-cache/deploy/local/cmd/debug.go:247.36,257.2 4 0
github.com/raja-aiml/sematic-cache/deploy/local/cmd/debug.go:259.41,263.55 1 0
github.com/raja-aiml/sematic-cache/deploy/local/cmd/debug.go:263.55,267.4 3 0
github.com/raja-aiml/sematic-cache/deploy/local/cmd/debug.go:271.44,275.55 1 0
github.com/raja-aiml/sematic-cache/deploy/local/cmd/debug.go:275.55,278.4 2 0
github.com/raja-aiml/sematic-cache/deploy/local/cmd/debug.go:283.70,285.16 2 0
github.com/raja-aiml/sematic-cache/deploy/local/cmd/debug.go:285.16,287.3 1 0
github.com/raja-aiml/sematic-cache/deploy/local/cmd/debug.go:288.2,289.12 2 0
github.com/raja-aiml/sematic-cache/deploy/local/cmd/debug.go:292.73,294.16 2 0
github.com/raja-aiml/sematic-cache/deploy/local/cmd/debug.go:294.16,296.3 1 0
github.com/raja-aiml/sematic-cache/deploy/local/cmd/debug.go:297.2,298.12 2 0
github.com/raja-aiml/sematic-cache/deploy/local/cmd/debug.go:301.74,303.16 2 0
github.com/raja-aiml/sematic-cache/deploy/local/cmd/debug.go:303.16,305.3 1 0
github.com/raja-aiml/sematic-cache/deploy/local/cmd/debug.go:306.2,307.12 2 0
github.com/raja-aiml/sematic-cache/deploy/local/cmd/debug.go:310.71,312.16 2 0
github.com/raja-aiml/sematic-cache/deploy/local/cmd/debug.go:312.16,314.3 1 0
github.com/raja-aiml/sematic-cache/deploy/local/cmd/debug.go:315.2,316.12 2 0
github.com/raja-aiml/sematic-cache/deploy/local/cmd/debug.go:319.67,321.16 2 0
github.com/raja-aiml/sematic-cache/deploy/local/cmd/debug.go:321.16,323.3 1 0
github.com/raja-aiml/sematic-cache/deploy/local/cmd/debug.go:324.2,331.52 3 0
github.com/raja-aiml/sematic-cache/deploy/local/cmd/debug.go:331.52,333.3 1 0
github.com/raja-aiml/sematic-cache/deploy/local/cmd/debug.go:335.2,335.12 1 0
github.com/raja-aiml/sematic-cache/deploy/local/cmd/debug.go:338.70,342.16 2 0
github.com/raja-aiml/sematic-cache/deploy/local/cmd/debug.go:342.16,344.3 1 0
github.com/raja-aiml/sematic-cache/deploy/local/cmd/debug.go:345.2,346.12 2 0
github.com/raja-aiml/sematic-cache/deploy/local/cmd/debug.go:349.51,351.16 2 0
github.com/raja-aiml/sematic-cache/deploy/local/cmd/debug.go:351.16,353.3 1 0
github.com/raja-aiml/sematic-cache/deploy/local/cmd/debug.go:354.2,354.90 1 0
github.com/raja-aiml/sematic-cache/deploy/local/cmd/debug.go:357.51,362.2 2 0
github.com/raja-aiml/sematic-cache/deploy/local/cmd/debug.go:364.28,366.16 2 0
github.com/raja-aiml/sematic-cache/deploy/local/cmd/debug.go:366.16,368.3 1 0
github.com/raja-aiml/sematic-cache/deploy/local/cmd/debug.go:369.2,370.31 2 0
github.com/raja-aiml/sematic-cache/deploy/local/cmd/dev.go:17.30,38.2 12 0
github.com/raja-aiml/sematic-cache/deploy/local/cmd/dev.go:40.64,44.55 1 0
github.com/raja-aiml/sematic-cache/deploy/local/cmd/dev.go:44.55,50.18 4 0
github.com/raja-aiml/sematic-cache/deploy/local/cmd/dev.go:50.18,52.5 1 0
github.com/raja-aiml/sematic-cache/deploy/local/cmd/dev.go:55.4,58.85 3 0
github.com/raja-aiml/sematic-cache/deploy/local/cmd/dev.go:58.85,60.5 1 0
github.com/raja-aiml/sematic-cache/deploy/local/cmd/dev.go:63.4,65.63 3 0
github.com/raja-aiml/sematic-cache/deploy/local/cmd/dev.go:65.63,67.5 1 0
github.com/raja-aiml/sematic-cache/deploy/local/cmd/dev.go:70.4,70.75 1 0
github.com/raja-aiml/sematic-cache/deploy/local/cmd/dev.go:70.75,72.5 1 0
github.com/raja-aiml/sematic-cache/deploy/local/cmd/dev.go:74.4,75.14 2 0
github.com/raja-aiml/sematic-cache/deploy/local/cmd/dev.go:80.36,84.55 1 0
github.com/raja-aiml/sematic-cache/deploy/local/cmd/dev.go:84.55,89.46 3 0
github.com/raja-aiml/sematic-cache/deploy/local/cmd/dev.go:89.46,91.5 1 0
github.com/raja-aiml/sematic-cache/deploy/local/cmd/dev.go:94.4,95.18 2 0
github.com/raja-aiml/sematic-cache/deploy/local/cmd/dev.go:95.18,97.5 1 0
github.com/raja-aiml/sematic-cache/deploy/local/cmd/dev.go:100.4,102.62 3 0
github.com/raja-aiml/sematic-cache/deploy/local/cmd/dev.go:102.62,104.5 1 0
github.com/raja-aiml/sematic-cache/deploy/local/cmd/dev.go:107.4,109.18 3 0
github.com/raja-aiml/sematic-cache/deploy/local/cmd/dev.go:109.18,111.5 1 0
github.com/raja-aiml/sematic-cache/deploy/local/cmd/dev.go:113.4,113.96 1 0
github.com/raja-aiml/sematic-cache/deploy/local/cmd/dev.go:113.96,115.5 1 0
github.com/raja-aiml/sematic-cache/deploy/local/cmd/dev.go:118.4,119.127 2 0
github.com/raja-aiml/sematic-cache/deploy/local/cmd/dev.go:119.127,121.5 1 0
github.com/raja-aiml/sematic-cache/deploy/local/cmd/dev.go:123.4,126.14 3 0
github.com/raja-aiml/sematic-cache/deploy/local/cmd/dev.go:131.34,135.55 1 0
github.com/raja-aiml/sematic-cache/deploy/local/cmd/dev.go:135.55,139.18 3 0
github.com/raja-aiml/sematic-cache/deploy/local/cmd/dev.go:139.18,141.5 1 0
github.com/raja-aiml/sematic-cache/deploy/local/cmd/dev.go:143.4,144.35 2 0
github.com/raja-aiml/sematic-cache/deploy/local/cmd/dev.go:144.35,145.24 1 0
github.com/raja-aiml/sematic-cache/deploy/local/cmd/dev.go:145.24,147.6 1 0
github.com/raja-aiml/sematic-cache/deploy/local/cmd/dev.go:150.4,150.18 1 0
github.com/raja-aiml/sematic-cache/deploy/local/cmd/dev.go:150.18,152.5 1 0
github.com/raja-aiml/sematic-cache/deploy/local/cmd/dev.go:154.4,156.14 3 0
github.com/raja-aiml/sematic-cache/deploy/local/cmd/dev.go:161.36,165.55 1 0
github.com/raja-aiml/sematic-cache/deploy/local/cmd/dev.go:165.55,170.18 4 0
github.com/raja-aiml/sematic-cache/deploy/local/cmd/dev.go:170.18,172.5 1 0
github.com/raja-aiml/sematic-cache/deploy/local/cmd/dev.go:174.4,175.97 2 0
github.com/raja-aiml/sematic-cache/deploy/local/cmd/dev.go:175.97,177.5 1 0
github.com/raja-aiml/sematic-cache/deploy/local/cmd/dev.go:179.4,180.14 2 0
github.com/raja-aiml/sematic-cache/deploy/local/cmd/dev.go:185.34,192.55 3 0
github.com/raja-aiml/sematic-cache/deploy/local/cmd/dev.go:192.55,196.18 3 0
github.com/raja-aiml/sematic-cache/deploy/local/cmd/dev.go:196.18,198.5 1 0
github.com/raja-aiml/sematic-cache/deploy/local/cmd/dev.go:200.4,209.45 3 0
github.com/raja-aiml/sematic-cache/deploy/local/cmd/dev.go:213.2,216.12 3 0
github.com/raja-aiml/sematic-cache/deploy/local/cmd/dev.go:219.36,223.55 1 0
github.com/raja-aiml/sematic-cache/deploy/local/cmd/dev.go:223.55,232.18 4 0
github.com/raja-aiml/sematic-cache/deploy/local/cmd/dev.go:232.18,235.5 2 0
github.com/raja-aiml/sematic-cache/deploy/local/cmd/dev.go:237.4,243.22 4 0
github.com/raja-aiml/sematic-cache/deploy/local/cmd/dev.go:243.22,245.5 1 0
github.com/raja-aiml/sematic-cache/deploy/local/cmd/dev.go:245.10,245.34 1 0
github.com/raja-aiml/sematic-cache/deploy/local/cmd/dev.go:245.34,247.5 1 0
github.com/raja-aiml/sematic-cache/deploy/local/cmd/dev.go:247.10,249.5 1 0
github.com/raja-aiml/sematic-cache/deploy/local/cmd/dev.go:251.4,251.14 1 0
github.com/raja-aiml/sematic-cache/deploy/local/cmd/workflow.go:19.35,49.2 16 0
github.com/raja-aiml/sematic-cache/deploy/local/cmd/workflow.go:51.58,55.55 1 0
github.com/raja-aiml/sematic-cache/deploy/local/cmd/workflow.go:55.55,61.44 4 0
github.com/raja-aiml/sematic-cache/deploy/local/cmd/workflow.go:61.44,63.5 1 0
github.com/raja-aiml/sematic-cache/deploy/local/cmd/workflow.go:66.4,67.44 2 0
github.com/raja-aiml/sematic-cache/deploy/local/cmd/workflow.go:67.44,69.5 1 0
github.com/raja-aiml/sematic-cache/deploy/local/cmd/workflow.go:72.4,73.45 2 0
github.com/raja-aiml/sematic-cache/deploy/local/cmd/workflow.go:73.45,75.5 1 0
github.com/raja-aiml/sematic-cache/deploy/local/cmd/workflow.go:78.4,79.43 2 0
github.com/raja-aiml/sematic-cache/deploy/local/cmd/workflow.go:79.43,81.5 1 0
github.com/raja-aiml/sematic-cache/deploy/local/cmd/workflow.go:83.4,86.14 3 0
github.com/raja-aiml/sematic-cache/deploy/local/cmd/workflow.go:91.59,95.55 1 0
github.com/raja-aiml/sematic-cache/deploy/local/cmd/workflow.go:95.55,98.4 2 0
github.com/raja-aiml/sematic-cache/deploy/local/cmd/workflow.go:102.59,106.55 1 0
github.com/raja-aiml/sematic-cache/deploy/local/cmd/workflow.go:106.55,109.4 2 0
github.com/raja-aiml/sematic-cache/deploy/local/cmd/workflow.go:113.60,117.55 1 0
github.com/raja-aiml/sematic-cache/deploy/local/cmd/workflow.go:117.55,120.4 2 0
github.com/raja-aiml/sematic-cache/deploy/local/cmd/workflow.go:124.58,128.55 1 0
github.com/raja-aiml/sematic-cache/deploy/local/cmd/workflow.go:128.55,131.4 2 0
github.com/raja-aiml/sematic-cache/deploy/local/cmd/workflow.go:135.61,139.55 1 0
github.com/raja-aiml/sematic-cache/deploy/local/cmd/workflow.go:139.55,144.64 3 0
github.com/raja-aiml/sematic-cache/deploy/local/cmd/workflow.go:144.64,146.5 1 0
github.com/raja-aiml/sematic-cache/deploy/local/cmd/workflow.go:148.4,149.14 2 0
github.com/raja-aiml/sematic-cache/deploy/local/cmd/workflow.go:154.60,158.55 1 0
github.com/raja-aiml/sematic-cache/deploy/local/cmd/workflow.go:158.55,163.72 3 0
github.com/raja-aiml/sematic-cache/deploy/local/cmd/workflow.go:163.72,165.5 1 0
github.com/raja-aiml/sematic-cache/deploy/local/cmd/workflow.go:168.4,169.64 2 0
github.com/raja-aiml/sematic-cache/deploy/local/cmd/workflow.go:169.64,171.5 1 0
github.com/raja-aiml/sematic-cache/deploy/local/cmd/workflow.go:173.4,173.14 1 0
github.com/raja-aiml/sematic-cache/deploy/local/cmd/workflow.go:178.58,182.55 1 0
github.com/raja-aiml/sematic-cache/deploy/local/cmd/workflow.go:182.55,186.4 2 0
github.com/raja-aiml/sematic-cache/deploy/local/cmd/workflow.go:190.59,194.55 1 0
github.com/raja-aiml/sematic-cache/deploy/local/cmd/workflow.go:194.55,199.68 3 0
github.com/raja-aiml/sematic-cache/deploy/local/cmd/workflow.go:199.68,201.5 1 0
github.com/raja-aiml/sematic-cache/deploy/local/cmd/workflow.go:203.4,204.14 2 0
github.com/raja-aiml/sematic-cache/deploy/local/cmd/workflow.go:210.63,215.62 3 0
github.com/raja-aiml/sematic-cache/deploy/local/cmd/workflow.go:215.62,217.3 1 0
github.com/raja-aiml/sematic-cache/deploy/local/cmd/workflow.go:219.2,219.12 1 0
github.com/raja-aiml/sematic-cache/deploy/local/cmd/workflow.go:222.63,227.60 3 0
github.com/raja-aiml/sematic-cache/deploy/local/cmd/workflow.go:227.60,229.3 1 0
github.com/raja-aiml/sematic-cache/deploy/local/cmd/workflow.go:231.2,231.12 1 0
github.com/raja-aiml/sematic-cache/deploy/local/cmd/workflow.go:234.64,239.62 3 0
github.com/raja-aiml/sematic-cache/deploy/local/cmd/workflow.go:239.62,241.3 1 0
github.com/raja-aiml/sematic-cache/deploy/local/cmd/workflow.go:243.2,243.12 1 0
github.com/raja-aiml/sematic-cache/deploy/local/cmd/workflow.go:246.62,251.58 3 0
github.com/raja-aiml/sematic-cache/deploy/local/cmd/workflow.go:251.58,253.3 1 0
github.com/raja-aiml/sematic-cache/deploy/local/cmd/workflow.go:256.2,257.16 2 0
github.com/raja-aiml/sematic-cache/deploy/local/cmd/workflow.go:257.16,259.47 2 0
github.com/raja-aiml/sematic-cache/deploy/local/cmd/workflow.go:259.47,262.18 3 0
github.com/raja-aiml/sematic-cache/deploy/local/cmd/workflow.go:262.18,264.5 1 0
github.com/raja-aiml/sematic-cache/deploy/local/cmd/workflow.go:264.10,266.5 1 0
github.com/raja-aiml/sematic-cache/deploy/local/cmd/workflow.go:270.2,271.12 2 0
github.com/raja-aiml/sematic-cache/deploy/local/pkg/k3d/cluster.go:17.60,22.2 1 1
github.com/raja-aiml/sematic-cache/deploy/local/pkg/k3d/cluster.go:24.68,28.23 2 1
github.com/raja-aiml/sematic-cache/deploy/local/pkg/k3d/cluster.go:28.23,31.3 2 0
github.com/raja-aiml/sematic-cache/deploy/local/pkg/k3d/cluster.go:34.2,34.51 1 1
github.com/raja-aiml/sematic-cache/deploy/local/pkg/k3d/cluster.go:34.51,36.3 1 0
github.com/raja-aiml/sematic-cache/deploy/local/pkg/k3d/cluster.go:39.2,53.67 2 1
github.com/raja-aiml/sematic-cache/deploy/local/pkg/k3d/cluster.go:53.67,55.3 1 1
github.com/raja-aiml/sematic-cache/deploy/local/pkg/k3d/cluster.go:57.2,58.12 2 0
github.com/raja-aiml/sematic-cache/deploy/local/pkg/k3d/cluster.go:61.68,68.67 3 1
github.com/raja-aiml/sematic-cache/deploy/local/pkg/k3d/cluster.go:68.67,70.3 1 0
github.com/raja-aiml/sematic-cache/deploy/local/pkg/k3d/cluster.go:72.2,73.12 2 1
github.com/raja-aiml/sematic-cache/deploy/local/pkg/k3d/cluster.go:76.78,82.16 3 1
github.com/raja-aiml/sematic-cache/deploy/local/pkg/k3d/cluster.go:82.16,84.3 1 1
github.com/raja-aiml/sematic-cache/deploy/local/pkg/k3d/cluster.go:86.2,86.28 1 0
github.com/raja-aiml/sematic-cache/deploy/local/pkg/k3d/cluster.go:89.63,96.16 3 1
github.com/raja-aiml/sematic-cache/deploy/local/pkg/k3d/cluster.go:96.16,98.3 1 0
github.com/raja-aiml/sematic-cache/deploy/local/pkg/k3d/cluster.go:101.2,102.66 2 1
github.com/raja-aiml/sematic-cache/deploy/local/pkg/k3d/cluster.go:102.66,105.3 1 0
github.com/raja-aiml/sematic-cache/deploy/local/pkg/k3d/cluster.go:108.2,108.35 1 1
github.com/raja-aiml/sematic-cache/deploy/local/pkg/k3d/cluster.go:108.35,109.73 1 1
github.com/raja-aiml/sematic-cache/deploy/local/pkg/k3d/cluster.go:109.73,110.57 1 0
github.com/raja-aiml/sematic-cache/deploy/local/pkg/k3d/cluster.go:110.57,113.32 2 0
github.com/raja-aiml/sematic-cache/deploy/local/pkg/k3d/cluster.go:113.32,114.58 1 0
github.com/raja-aiml/sematic-cache/deploy/local/pkg/k3d/cluster.go:114.58,115.75 1 0
github.com/raja-aiml/sematic-cache/deploy/local/pkg/k3d/cluster.go:115.75,117.13 2 0
github.com/raja-aiml/sematic-cache/deploy/local/pkg/k3d/cluster.go:121.5,121.22 1 0
github.com/raja-aiml/sematic-cache/deploy/local/pkg/k3d/cluster.go:126.2,126.14 1 1
github.com/raja-aiml/sematic-cache/deploy/local/pkg/k3d/cluster.go:129.71,136.16 3 1
github.com/raja-aiml/sematic-cache/deploy/local/pkg/k3d/cluster.go:136.16,138.3 1 0
github.com/raja-aiml/sematic-cache/deploy/local/pkg/k3d/cluster.go:141.2,142.29 2 1
github.com/raja-aiml/sematic-cache/deploy/local/pkg/k3d/cluster.go:142.29,143.45 1 1
github.com/raja-aiml/sematic-cache/deploy/local/pkg/k3d/cluster.go:143.45,146.4 1 0
github.com/raja-aiml/sematic-cache/deploy/local/pkg/k3d/cluster.go:149.2,149.14 1 1
github.com/raja-aiml/sematic-cache/deploy/local/pkg/k3d/cluster.go:152.57,154.36 1 1
github.com/raja-aiml/sematic-cache/deploy/local/pkg/k3d/cluster.go:154.36,156.3 1 0
github.com/raja-aiml/sematic-cache/deploy/local/pkg/k3d/cluster.go:159.2,159.128 1 1
github.com/raja-aiml/sematic-cache/deploy/local/pkg/k3d/cluster.go:159.128,161.3 1 0
github.com/raja-aiml/sematic-cache/deploy/local/pkg/k3d/cluster.go:164.2,164.33 1 1
github.com/raja-aiml/sematic-cache/deploy/local/pkg/k3d/cluster.go:164.33,166.3 1 0
github.com/raja-aiml/sematic-cache/deploy/local/pkg/k3d/cluster.go:168.2,168.12 1 1
